
> Configure project :app
WARNING: [CXX5106] NDK was located by using ndk.dir property. This method is deprecated and will be removed in a future release. Please delete ndk.dir from local.properties and set android.ndkVersion to [27.2.12479018] in all native modules in the project. https://developer.android.com/r/studio-ui/ndk-dir
[CXX5106] NDK was located by using ndk.dir property. This method is deprecated and will be removed in a future release. Please delete ndk.dir from local.properties and set android.ndkVersion to [27.2.12479018] in all native modules in the project. https://developer.android.com/r/studio-ui/ndk-dir
WARNING: [CXX5106] NDK was located by using ndk.dir property. This method is deprecated and will be removed in a future release. Please delete ndk.dir from local.properties and set android.ndkVersion to [27.2.12479018] in all native modules in the project. https://developer.android.com/r/studio-ui/ndk-dir
[CXX5106] NDK was located by using ndk.dir property. This method is deprecated and will be removed in a future release. Please delete ndk.dir from local.properties and set android.ndkVersion to [27.2.12479018] in all native modules in the project. https://developer.android.com/r/studio-ui/ndk-dir
WARNING: [CXX5106] NDK was located by using ndk.dir property. This method is deprecated and will be removed in a future release. Please delete ndk.dir from local.properties and set android.ndkVersion to [27.2.12479018] in all native modules in the project. https://developer.android.com/r/studio-ui/ndk-dir
[CXX5106] NDK was located by using ndk.dir property. This method is deprecated and will be removed in a future release. Please delete ndk.dir from local.properties and set android.ndkVersion to [27.2.12479018] in all native modules in the project. https://developer.android.com/r/studio-ui/ndk-dir
WARNING: [CXX5106] NDK was located by using ndk.dir property. This method is deprecated and will be removed in a future release. Please delete ndk.dir from local.properties and set android.ndkVersion to [27.2.12479018] in all native modules in the project. https://developer.android.com/r/studio-ui/ndk-dir
[CXX5106] NDK was located by using ndk.dir property. This method is deprecated and will be removed in a future release. Please delete ndk.dir from local.properties and set android.ndkVersion to [27.2.12479018] in all native modules in the project. https://developer.android.com/r/studio-ui/ndk-dir
WARNING: [CXX5106] NDK was located by using ndk.dir property. This method is deprecated and will be removed in a future release. Please delete ndk.dir from local.properties and set android.ndkVersion to [27.2.12479018] in all native modules in the project. https://developer.android.com/r/studio-ui/ndk-dir
[CXX5106] NDK was located by using ndk.dir property. This method is deprecated and will be removed in a future release. Please delete ndk.dir from local.properties and set android.ndkVersion to [27.2.12479018] in all native modules in the project. https://developer.android.com/r/studio-ui/ndk-dir
WARNING: [CXX5106] NDK was located by using ndk.dir property. This method is deprecated and will be removed in a future release. Please delete ndk.dir from local.properties and set android.ndkVersion to [27.2.12479018] in all native modules in the project. https://developer.android.com/r/studio-ui/ndk-dir
[CXX5106] NDK was located by using ndk.dir property. This method is deprecated and will be removed in a future release. Please delete ndk.dir from local.properties and set android.ndkVersion to [27.2.12479018] in all native modules in the project. https://developer.android.com/r/studio-ui/ndk-dir
WARNING: [CXX5106] NDK was located by using ndk.dir property. This method is deprecated and will be removed in a future release. Please delete ndk.dir from local.properties and set android.ndkVersion to [27.2.12479018] in all native modules in the project. https://developer.android.com/r/studio-ui/ndk-dir
[CXX5106] NDK was located by using ndk.dir property. This method is deprecated and will be removed in a future release. Please delete ndk.dir from local.properties and set android.ndkVersion to [27.2.12479018] in all native modules in the project. https://developer.android.com/r/studio-ui/ndk-dir
WARNING: [CXX5106] NDK was located by using ndk.dir property. This method is deprecated and will be removed in a future release. Please delete ndk.dir from local.properties and set android.ndkVersion to [27.2.12479018] in all native modules in the project. https://developer.android.com/r/studio-ui/ndk-dir
[CXX5106] NDK was located by using ndk.dir property. This method is deprecated and will be removed in a future release. Please delete ndk.dir from local.properties and set android.ndkVersion to [27.2.12479018] in all native modules in the project. https://developer.android.com/r/studio-ui/ndk-dir
WARNING: [CXX5106] NDK was located by using ndk.dir property. This method is deprecated and will be removed in a future release. Please delete ndk.dir from local.properties and set android.ndkVersion to [27.2.12479018] in all native modules in the project. https://developer.android.com/r/studio-ui/ndk-dir
[CXX5106] NDK was located by using ndk.dir property. This method is deprecated and will be removed in a future release. Please delete ndk.dir from local.properties and set android.ndkVersion to [27.2.12479018] in all native modules in the project. https://developer.android.com/r/studio-ui/ndk-dir
WARNING: [CXX5106] NDK was located by using ndk.dir property. This method is deprecated and will be removed in a future release. Please delete ndk.dir from local.properties and set android.ndkVersion to [27.2.12479018] in all native modules in the project. https://developer.android.com/r/studio-ui/ndk-dir
[CXX5106] NDK was located by using ndk.dir property. This method is deprecated and will be removed in a future release. Please delete ndk.dir from local.properties and set android.ndkVersion to [27.2.12479018] in all native modules in the project. https://developer.android.com/r/studio-ui/ndk-dir
WARNING: [CXX5106] NDK was located by using ndk.dir property. This method is deprecated and will be removed in a future release. Please delete ndk.dir from local.properties and set android.ndkVersion to [27.2.12479018] in all native modules in the project. https://developer.android.com/r/studio-ui/ndk-dir
[CXX5106] NDK was located by using ndk.dir property. This method is deprecated and will be removed in a future release. Please delete ndk.dir from local.properties and set android.ndkVersion to [27.2.12479018] in all native modules in the project. https://developer.android.com/r/studio-ui/ndk-dir
WARNING: [CXX5106] NDK was located by using ndk.dir property. This method is deprecated and will be removed in a future release. Please delete ndk.dir from local.properties and set android.ndkVersion to [27.2.12479018] in all native modules in the project. https://developer.android.com/r/studio-ui/ndk-dir
[CXX5106] NDK was located by using ndk.dir property. This method is deprecated and will be removed in a future release. Please delete ndk.dir from local.properties and set android.ndkVersion to [27.2.12479018] in all native modules in the project. https://developer.android.com/r/studio-ui/ndk-dir
WARNING: [CXX5106] NDK was located by using ndk.dir property. This method is deprecated and will be removed in a future release. Please delete ndk.dir from local.properties and set android.ndkVersion to [27.2.12479018] in all native modules in the project. https://developer.android.com/r/studio-ui/ndk-dir
[CXX5106] NDK was located by using ndk.dir property. This method is deprecated and will be removed in a future release. Please delete ndk.dir from local.properties and set android.ndkVersion to [27.2.12479018] in all native modules in the project. https://developer.android.com/r/studio-ui/ndk-dir

> Task :app:buildKotlinToolingMetadata UP-TO-DATE
> Task :app:checkKotlinGradlePluginConfigurationErrors SKIPPED
> Task :app:preBuild UP-TO-DATE
> Task :app:preReleaseBuild UP-TO-DATE
> Task :app:checkReleaseAarMetadata UP-TO-DATE
> Task :app:generateReleaseResValues UP-TO-DATE
> Task :app:mapReleaseSourceSetPaths UP-TO-DATE
> Task :app:generateReleaseResources UP-TO-DATE
> Task :app:mergeReleaseResources UP-TO-DATE
> Task :app:packageReleaseResources UP-TO-DATE
> Task :app:parseReleaseLocalResources UP-TO-DATE
> Task :app:createReleaseCompatibleScreenManifests UP-TO-DATE
> Task :app:extractDeepLinksRelease UP-TO-DATE
> Task :app:processReleaseMainManifest UP-TO-DATE
> Task :app:processReleaseManifest UP-TO-DATE
> Task :app:processReleaseManifestForPackage UP-TO-DATE
> Task :app:processReleaseResources UP-TO-DATE
> Task :app:kspReleaseKotlin UP-TO-DATE
> Task :app:compileReleaseKotlin UP-TO-DATE
> Task :app:javaPreCompileRelease UP-TO-DATE
> Task :app:compileReleaseJavaWithJavac UP-TO-DATE
> Task :app:extractProguardFiles UP-TO-DATE
> Task :app:hiltAggregateDepsRelease UP-TO-DATE
> Task :app:hiltJavaCompileRelease UP-TO-DATE
> Task :app:generateReleaseLintVitalReportModel UP-TO-DATE
> Task :app:lintVitalAnalyzeRelease UP-TO-DATE
> Task :app:lintVitalReportRelease UP-TO-DATE
> Task :app:lintVitalRelease
> Task :app:configureCMakeRelease[arm64-v8a]
> Task :app:buildCMakeRelease[arm64-v8a]
> Task :app:mergeReleaseJniLibFolders UP-TO-DATE
> Task :app:mergeReleaseNativeLibs UP-TO-DATE
> Task :app:stripReleaseDebugSymbols UP-TO-DATE
> Task :app:extractReleaseNativeSymbolTables UP-TO-DATE
> Task :app:mergeReleaseNativeDebugMetadata UP-TO-DATE
> Task :app:checkReleaseDuplicateClasses UP-TO-DATE
> Task :app:mergeReleaseArtProfile UP-TO-DATE
> Task :app:transformReleaseClassesWithAsm UP-TO-DATE
> Task :app:expandReleaseArtProfileWildcards UP-TO-DATE
> Task :app:mergeReleaseGeneratedProguardFiles UP-TO-DATE
> Task :app:processReleaseJavaRes UP-TO-DATE
> Task :app:mergeReleaseJavaResource UP-TO-DATE
> Task :app:mergeReleaseStartupProfile UP-TO-DATE
> Task :app:minifyReleaseWithR8 UP-TO-DATE
> Task :app:compileReleaseArtProfile UP-TO-DATE
> Task :app:mergeReleaseShaders UP-TO-DATE
> Task :app:compileReleaseShaders NO-SOURCE
> Task :app:generateReleaseAssets UP-TO-DATE
> Task :app:mergeReleaseAssets UP-TO-DATE
> Task :app:compressReleaseAssets UP-TO-DATE
> Task :app:extractReleaseVersionControlInfo UP-TO-DATE
> Task :app:convertLinkedResourcesToProtoRelease UP-TO-DATE
> Task :app:shrinkReleaseRes UP-TO-DATE
> Task :app:convertShrunkResourcesToBinaryRelease UP-TO-DATE
> Task :app:optimizeReleaseResources UP-TO-DATE
> Task :app:collectReleaseDependencies UP-TO-DATE
> Task :app:sdkReleaseDependencyData UP-TO-DATE
> Task :app:validateSigningRelease UP-TO-DATE
> Task :app:writeReleaseAppMetadata UP-TO-DATE
> Task :app:writeReleaseSigningConfigVersions UP-TO-DATE
> Task :app:packageRelease UP-TO-DATE
> Task :app:createReleaseApkListingFileRedirect UP-TO-DATE
> Task :app:assembleRelease

BUILD SUCCESSFUL in 4s
57 actionable tasks: 3 executed, 54 up-to-date
